---
source: crates/plugin/src/render/tests.rs
assertion_line: 3584
expression: "grid(&raw, 30)"
---
 RADAR                      ·4
▌⠋ 1 web
  ✳ building…

 ◆ 2 api

 ● 3 worker

 ○ 4 notes
























































































──────────────────────────────
1⠋ working · 1 need you
 alt-[n] jump
