---
source: crates/plugin/src/render/tests.rs
assertion_line: 3468
expression: tint_map(&raw)
---
rail
active
active
rail
agent
rail
agent
rail
idle
rail
rail
rail
rail
rail
rail
rail
rail
rail
rail
rail
rail
rail
rail
rail
rail
rail
rail
rail
rail
rail
rail
rail
rail
rail
rail
rail
rail
rail
rail
rail
rail
rail
rail
rail
rail
rail
rail
rail
rail
rail
rail
rail
rail
rail
rail
rail
rail
rail
rail
rail
rail
rail
rail
rail
rail
rail
rail
rail
rail
rail
rail
rail
rail
rail
rail
rail
rail
rail
rail
rail
rail
rail
rail
rail
rail
rail
rail
rail
rail
rail
rail
rail
rail
rail
rail
rail
rail
rail
rail
rail
