---
source: crates/plugin/src/render/tests.rs
assertion_line: 3568
expression: tint_map(&raw)
---
rail
active
agent
agent
agent
rail
rail
rail
rail
rail
rail
rail
rail
rail
rail
rail
rail
rail
rail
rail
rail
rail
rail
rail
rail
rail
rail
rail
rail
rail
rail
rail
rail
rail
rail
rail
rail
rail
rail
rail
rail
rail
rail
rail
rail
rail
rail
rail
rail
rail
rail
rail
rail
rail
rail
rail
rail
rail
rail
rail
rail
rail
rail
rail
rail
rail
rail
rail
rail
rail
rail
rail
rail
rail
rail
rail
rail
rail
rail
rail
rail
rail
rail
rail
rail
rail
rail
rail
rail
rail
rail
rail
rail
rail
rail
rail
rail
rail
rail
rail
